CREATE EXTENSION fhirbase;
SET escape_string_warning=off;
SELECT * FROM patient;
--
(0 rows)

