SET escape_string_warning=off;
SET
SELECT get_in_path('{"a": 1}'::jsonb, ARRAY['a']);
 get_in_path 
-------------
 {1}
(1 row)

SELECT get_in_path('{"a": 1}'::jsonb, ARRAY['a', 'b']);
 get_in_path 
-------------
 {}
(1 row)

SELECT get_in_path('{"a":[{"b": [{"c":"c1"},{"c":"c2"}]}, {"b":[{"c":{"obj":"obj"}}]}]}'::jsonb, ARRAY['a','b','c']);
               get_in_path                
------------------------------------------
 {"\"c1\"","\"c2\"","{\"obj\": \"obj\"}"}
(1 row)

SELECT is_array('[{"a":"b"}]'::jsonb);
 is_array 
----------
 t
(1 row)

select json_array_to_str_array(ARRAY['"a"'::jsonb,'"b"'::jsonb]);
 json_array_to_str_array 
-------------------------
 {a,b}
(1 row)

