select count(*) from fhir.datatype_unified_elements;
 count
-------
   124
(1 row)

select count(*) from fhir.enums;
 count
-------
    13
(1 row)

