select count(*) from fhir.resource_indexables
where resource_type = 'Patient' ;
 count
-------
    16
(1 row)

