SET escape_string_warning=off;
SET
SELECT assert_eq(
  _tpl('{{a}}={{b}}','a','A','b','B'),
  'A=B',
  '_tpl');
 assert_eq 
-----------
 OK _tpl
(1 row)

SELECT assert_eq(
  _butlast('{1,2,3}'::varchar[]),
  '{1,2}'::varchar[],
  '_butlast');
  assert_eq  
-------------
 OK _butlast
(1 row)

SELECT assert(
   _is_descedant('{1,2,3}'::varchar[], '{1,2,3,4,5}'::varchar[])
  , '_is_descedant');
      assert      
------------------
 OK _is_descedant
(1 row)

SELECT assert(
   NOT _is_descedant('{1,2,3,5}'::varchar[], '{1,2,3,4,5}'::varchar[])
  , '_is_descedant');
      assert      
------------------
 OK _is_descedant
(1 row)

SELECT assert_eq(
   _subpath('{1,2,3}'::varchar[], '{1,2,3,4,5}'::varchar[])
  , '{4,5}'::varchar[]
  , '_is_descedant');
    assert_eq     
------------------
 OK _is_descedant
(1 row)

SELECT assert_eq(
   _rest('{1,2,3,4,5}'::varchar[])
  , '{2,3,4,5}'::varchar[]
  , '_rest');
 assert_eq 
-----------
 OK _rest
(1 row)

SELECT assert_eq(
   _last('{1,2,3,4,5}'::varchar[])
  , '5'
  , '_last');
 assert_eq 
-----------
 OK _last
(1 row)

SELECT assert(
   _is_array('[1,2]'::jsonb)
  , '_is_array');
    assert    
--------------
 OK _is_array
(1 row)

SELECT assert(
   NOT _is_array('"a"'::jsonb)
  , '_is_array');
    assert    
--------------
 OK _is_array
(1 row)

SELECT assert_eq(
  json_get_in('{"a": 1}'::jsonb, ARRAY['a', 'b']),
  ARRAY[]::jsonb[],
  'get a');
 assert_eq 
-----------
 OK get a
(1 row)

SELECT assert(
  _is_array('[{"a":"b"}]'::jsonb), 'is_array');
   assert    
-------------
 OK is_array
(1 row)

SELECT assert(
  NOT _is_array('{"a":"b"}'::jsonb), 'not is_array');
     assert      
-----------------
 OK not is_array
(1 row)

SELECT assert(
  NOT _is_object('[{"a":"b"}]'::jsonb), 'is_object');
    assert    
--------------
 OK is_object
(1 row)

SELECT assert(
  _is_object('{"a":"b"}'::jsonb), 'is_object');
    assert    
--------------
 OK is_object
(1 row)

SELECT assert_eq(
  json_get_in('{"a":[{"b": [{"c":"c1"},{"c":"c2"}]}, {"b":[{"c":{"obj":"obj"}}]}]}'::jsonb, ARRAY['a','b','c']),
  ARRAY['"c1"'::jsonb, '"c2"'::jsonb, '{"obj":"obj"}'::jsonb],
  'get abc');
 assert_eq  
------------
 OK get abc
(1 row)

SELECT assert_eq(
  json_get_in('{"a": 1}'::jsonb, ARRAY['a']),
  ARRAY['1'::jsonb],
  'get a');
 assert_eq 
-----------
 OK get a
(1 row)

select assert_eq(
  json_array_to_str_array(ARRAY['"a"'::jsonb,'"b"'::jsonb]),
  '{a,b}'::varchar[],
  'json_array_to_str_array');
         assert_eq          
----------------------------
 OK json_array_to_str_array
(1 row)

SELECT assert_eq('a,b$c|d',
   _fhir_unescape_param('a\,b\$c\|d'),
   '_fhir_unescape_param');
        assert_eq        
-------------------------
 OK _fhir_unescape_param
(1 row)

SELECT assert_eq(ARRAY['a,b','c,d'],
   (SELECT array_agg(value)
     FROM _fhir_spilt_to_table('a\,b,c\,d')),
    '_fhir_spilt_to_table'
   );
        assert_eq        
-------------------------
 OK _fhir_spilt_to_table
(1 row)

