SET escape_string_warning=off;
SET
SELECT assert_eq(
  'text',
  _get_modifier('subject:Patient.organization:Organization.identifier:text'::text),
  '_get_modifier text');
       assert_eq       
-----------------------
 OK _get_modifier text
(1 row)

SELECT assert_eq(
  NULL,
  _get_modifier('subject:Patient.organization:Organization.identifier'::text),
  '_get_modifier null');
       assert_eq       
-----------------------
 OK _get_modifier null
(1 row)

SELECT assert_eq(
  'subject:Patient.organization:Organization.identifier',
  _get_key('subject:Patient.organization:Organization.identifier:text'::text),
  '_get_key text');
    assert_eq     
------------------
 OK _get_key text
(1 row)

SELECT assert_eq(
  'subject:Patient.organization:Organization.identifier',
  _get_key('subject:Patient.organization:Organization.identifier'::text),
  '_get_key null');
    assert_eq     
------------------
 OK _get_key null
(1 row)

SELECT assert_eq(
  '[{"param":"param","op": "=", "value": "num"}]'::jsonb,
  _parse_param('param=num'),
  'numer equal');
   assert_eq    
----------------
 OK numer equal
(1 row)

SELECT assert_eq(
  '[{"op": "=", "value": "num", "param":"param"}, {"op":"=", "value":"num2", "param":"param"}]'::jsonb,
  _parse_param('param=num&param=num2'),
  'numer equal');
   assert_eq    
----------------
 OK numer equal
(1 row)

SELECT assert_eq(
  _parse_param('param=<num'),
  '[{"param":"param", "op": "<" ,"value":"num"}]'::jsonb,
  'number less');
   assert_eq    
----------------
 OK number less
(1 row)

SELECT assert_eq(
  '[{"param":"param", "op": "<=" ,"value":"num"}]'::jsonb,
  _parse_param('param=<%3Dnum'),
  'number less or equal');
        assert_eq        
-------------------------
 OK number less or equal
(1 row)

SELECT assert_eq(
  '[{"param":"param", "op": ">" ,"value":"num"}]'::jsonb,
  _parse_param('param=>num'),
  'number more');
   assert_eq    
----------------
 OK number more
(1 row)

SELECT assert_eq(
  '[{"param":"param", "op": ">=" ,"value":"num"}]'::jsonb,
  _parse_param('param=>%3Dnum'),
  'number more or equal');
        assert_eq        
-------------------------
 OK number more or equal
(1 row)

SELECT assert_eq(
  '[{"param":"param", "op": "missing", "value": "true"}]'::jsonb,
  _parse_param('param:missing=true'),
  'number missing');
     assert_eq     
-------------------
 OK number missing
(1 row)

SELECT assert_eq(
  '[{"param":"param", "op": "missing", "value": "false"}]'::jsonb,
  _parse_param('param:missing=false'),
  'number present');
     assert_eq     
-------------------
 OK number present
(1 row)

SELECT assert_eq(
  '[{"param":"param", "op": "=" ,"value": "date"}]'::jsonb,
  _parse_param('param=date'),
  'date equal');
   assert_eq   
---------------
 OK date equal
(1 row)

SELECT assert_eq(
  '[{"param":"param", "op": "<" ,"value": "date"}]'::jsonb,
  _parse_param('param=<date'),
  'date less');
  assert_eq   
--------------
 OK date less
(1 row)

SELECT assert_eq(
  '[{"param":"param", "op": "<=" ,"value": "date"}]'::jsonb,
  _parse_param('param=<%3Ddate'),
  'date less or equal');
       assert_eq       
-----------------------
 OK date less or equal
(1 row)

SELECT assert_eq(
  '[{"param":"param", "op": ">" ,"value": "date"}]'::jsonb,
  _parse_param('param=>date'),
  'date more');
  assert_eq   
--------------
 OK date more
(1 row)

SELECT assert_eq(
  '[{"param": "param", "op": ">=" ,"value": "date"}]'::jsonb,
  _parse_param('param=>%3Ddate'),
  'date more or equal');
       assert_eq       
-----------------------
 OK date more or equal
(1 row)

SELECT assert_eq(
  '[{"param":"param", "op": "missing", "value":"true"}]'::jsonb,
  _parse_param('param:missing=true'),
  'date missing');
    assert_eq    
-----------------
 OK date missing
(1 row)

SELECT assert_eq(
  '[{"param":"param", "op": "missing", "value":"false"}]'::jsonb,
  _parse_param('param:missing=false'),
  'date present');
    assert_eq    
-----------------
 OK date present
(1 row)

SELECT assert_eq(
  '[{"param":"param", "op": "=" ,"value": "str"}]'::jsonb,
  _parse_param('param=str'),
  'str equal');
  assert_eq   
--------------
 OK str equal
(1 row)

SELECT assert_eq(
  '[{"param":"param", "op": "exact" ,"value": "str"}]'::jsonb,
  _parse_param('param:exact=str'),
  'str exact');
  assert_eq   
--------------
 OK str exact
(1 row)

SELECT assert_eq(
  '[{"param":"subject:Patient.name", "op": "=", "value":"ups"}]'::jsonb,
  _parse_param('subject:Patient.name=ups'),
  'path');
 assert_eq 
-----------
 OK path
(1 row)

SELECT assert_eq(
  '[{"param":"param", "op": "~" ,"value": "quantity"}]'::jsonb,
  _parse_param('param=~quantity'),
  'quantity approximation');
         assert_eq         
---------------------------
 OK quantity approximation
(1 row)

/* ### Chained params ### */
/* [param].[rest]=[val] {"param":"param", "op": "chain" ,"value": "#{rest}=#{val}"} */
/* [param]:[type].[rest]=[val] {"param":"param", "op": "chain" ,"value": [type "#{rest}=#{val}"]} */
/* [param]:[type].[rest]:modifier=[val] {"param":"param", "op": "modifier" ,"value": [type "#{rest}=#{val}"]} */
/* ### Composite Search params ### */
/* [first]&[rest] {:key "op": "and" ,"value":ue [first, rest]} */
/* [param]=[val,rest] {:key "op": "ORDER BY" ,"value":ue []} */
/* [param]=key1$val1,key2$val2 {:kep param "op": "composite" ,"value": [key1 val1 key2 val2]} */
